// Vitest Snapshot v1, https://vitest.dev/guide/snapshot.html

exports[`ATLAS CONSEIL · gamme — calibration > la partie de référence ne bouge pas sans qu'on le veuille 1`] = `
{
  "balanced": [
    {
      "resultat": 16423,
      "tresorerie": 29035,
      "vendu": {
        "audit": 322,
        "cyber": 0,
        "transformation": 189,
      },
    },
    {
      "resultat": -8927,
      "tresorerie": 64863,
      "vendu": {
        "audit": 191,
        "cyber": 73,
        "transformation": 108,
      },
    },
    {
      "resultat": 53246,
      "tresorerie": 76799,
      "vendu": {
        "audit": 237,
        "cyber": 96,
        "transformation": 178,
      },
    },
    {
      "resultat": 59107,
      "tresorerie": 128035,
      "vendu": {
        "audit": 228,
        "cyber": 106,
        "transformation": 178,
      },
    },
    {
      "resultat": 83026,
      "tresorerie": 185681,
      "vendu": {
        "audit": 262,
        "cyber": 111,
        "transformation": 196,
      },
    },
    {
      "resultat": 74493,
      "tresorerie": 272851,
      "vendu": {
        "audit": 253,
        "cyber": 107,
        "transformation": 189,
      },
    },
  ],
  "growth": [
    {
      "resultat": 33157,
      "tresorerie": 25767,
      "vendu": {
        "audit": 383,
        "cyber": 0,
        "transformation": 225,
      },
    },
    {
      "resultat": 30029,
      "tresorerie": 85277,
      "vendu": {
        "audit": 271,
        "cyber": 87,
        "transformation": 153,
      },
    },
    {
      "resultat": 62870,
      "tresorerie": 124721,
      "vendu": {
        "audit": 289,
        "cyber": 100,
        "transformation": 214,
      },
    },
    {
      "resultat": 120450,
      "tresorerie": 200444,
      "vendu": {
        "audit": 330,
        "cyber": 131,
        "transformation": 255,
      },
    },
    {
      "resultat": 120302,
      "tresorerie": 311870,
      "vendu": {
        "audit": 343,
        "cyber": 124,
        "transformation": 253,
      },
    },
    {
      "resultat": 96481,
      "tresorerie": 433990,
      "vendu": {
        "audit": 315,
        "cyber": 114,
        "transformation": 233,
      },
    },
  ],
  "passive": [
    {
      "resultat": 22748,
      "tresorerie": 57714,
      "vendu": {
        "audit": 258,
        "cyber": 0,
        "transformation": 174,
      },
    },
    {
      "resultat": 22790,
      "tresorerie": 85403,
      "vendu": {
        "audit": 258,
        "cyber": 0,
        "transformation": 174,
      },
    },
    {
      "resultat": -7269,
      "tresorerie": 101166,
      "vendu": {
        "audit": 210,
        "cyber": 0,
        "transformation": 160,
      },
    },
    {
      "resultat": 24693,
      "tresorerie": 106172,
      "vendu": {
        "audit": 258,
        "cyber": 0,
        "transformation": 174,
      },
    },
    {
      "resultat": 22918,
      "tresorerie": 123198,
      "vendu": {
        "audit": 258,
        "cyber": 0,
        "transformation": 174,
      },
    },
    {
      "resultat": 8747,
      "tresorerie": 147802,
      "vendu": {
        "audit": 238,
        "cyber": 0,
        "transformation": 160,
      },
    },
  ],
  "premium": [
    {
      "resultat": 41623,
      "tresorerie": 21410,
      "vendu": {
        "audit": 265,
        "cyber": 0,
        "transformation": 180,
      },
    },
    {
      "resultat": 6944,
      "tresorerie": 87295,
      "vendu": {
        "audit": 150,
        "cyber": 70,
        "transformation": 98,
      },
    },
    {
      "resultat": 15168,
      "tresorerie": 96753,
      "vendu": {
        "audit": 127,
        "cyber": 92,
        "transformation": 120,
      },
    },
    {
      "resultat": 21866,
      "tresorerie": 115418,
      "vendu": {
        "audit": 116,
        "cyber": 96,
        "transformation": 115,
      },
    },
    {
      "resultat": 30895,
      "tresorerie": 134063,
      "vendu": {
        "audit": 127,
        "cyber": 96,
        "transformation": 120,
      },
    },
    {
      "resultat": 13779,
      "tresorerie": 165115,
      "vendu": {
        "audit": 117,
        "cyber": 88,
        "transformation": 111,
      },
    },
  ],
  "price_aggressive": [
    {
      "resultat": 29485,
      "tresorerie": 51090,
      "vendu": {
        "audit": 353,
        "cyber": 0,
        "transformation": 207,
      },
    },
    {
      "resultat": -54399,
      "tresorerie": 57654,
      "vendu": {
        "audit": 229,
        "cyber": 0,
        "transformation": 130,
      },
    },
    {
      "resultat": 10717,
      "tresorerie": 31600,
      "vendu": {
        "audit": 311,
        "cyber": 0,
        "transformation": 197,
      },
    },
    {
      "resultat": 34392,
      "tresorerie": 52191,
      "vendu": {
        "audit": 326,
        "cyber": 0,
        "transformation": 216,
      },
    },
    {
      "resultat": 72741,
      "tresorerie": 82931,
      "vendu": {
        "audit": 411,
        "cyber": 0,
        "transformation": 261,
      },
    },
    {
      "resultat": 67146,
      "tresorerie": 159202,
      "vendu": {
        "audit": 405,
        "cyber": 0,
        "transformation": 257,
      },
    },
  ],
}
`;
