// Vitest Snapshot v1, https://vitest.dev/guide/snapshot.html

exports[`VOLT FITNESS — calibration > instantané de la partie de référence 1`] = `
[
  {
    "attrition": [
      15,
      15,
      22.5,
      15,
      15,
      23,
    ],
    "cumul": -44738,
    "portefeuille": [
      1320,
      1297,
      1201,
      1251,
      1228,
      1204,
    ],
    "strategie": "passive",
  },
  {
    "attrition": [
      13.9,
      24.2,
      31.7,
      14.2,
      21.5,
      24.4,
    ],
    "cumul": 72640,
    "portefeuille": [
      2200,
      2200,
      1791,
      2115,
      2200,
      1386,
    ],
    "strategie": "price_aggressive",
  },
  {
    "attrition": [
      17.6,
      16,
      22.4,
      14.4,
      14.2,
      24.1,
    ],
    "cumul": 202389,
    "portefeuille": [
      1696,
      1651,
      1413,
      1488,
      1730,
      1386,
    ],
    "strategie": "premium",
  },
  {
    "attrition": [
      15,
      24.6,
      28.3,
      13.9,
      17.8,
      23.9,
    ],
    "cumul": 169495,
    "portefeuille": [
      2200,
      2091,
      1722,
      2005,
      2200,
      1386,
    ],
    "strategie": "balanced",
  },
  {
    "attrition": [
      14.5,
      24.1,
      30.9,
      13.6,
      21.9,
      23.6,
    ],
    "cumul": 97872,
    "portefeuille": [
      2200,
      2200,
      1788,
      2146,
      2200,
      1386,
    ],
    "strategie": "growth",
  },
]
`;
