// Vitest Snapshot v1, https://vitest.dev/guide/snapshot.html

exports[`L'ESCALE · gamme — calibration > la partie de référence ne bouge pas sans qu'on le veuille 1`] = `
{
  "balanced": [
    {
      "resultat": -20457,
      "tresorerie": 21080,
      "vendu": {
        "chambre-standard": 1506,
        "chambre-superieure": 1083,
        "suite": 165,
      },
    },
    {
      "resultat": 34777,
      "tresorerie": 45958,
      "vendu": {
        "chambre-standard": 2033,
        "chambre-superieure": 890,
        "suite": 150,
      },
    },
    {
      "resultat": -14348,
      "tresorerie": 71416,
      "vendu": {
        "chambre-standard": 1344,
        "chambre-superieure": 844,
        "suite": 166,
      },
    },
    {
      "resultat": -21077,
      "tresorerie": 7629,
      "vendu": {
        "chambre-standard": 1328,
        "chambre-superieure": 802,
        "suite": 158,
      },
    },
    {
      "resultat": 37386,
      "tresorerie": 13138,
      "vendu": {
        "chambre-standard": 1830,
        "chambre-superieure": 1019,
        "suite": 200,
      },
    },
    {
      "resultat": 29229,
      "tresorerie": 46143,
      "vendu": {
        "chambre-standard": 1768,
        "chambre-superieure": 984,
        "suite": 193,
      },
    },
  ],
  "growth": [
    {
      "resultat": -38470,
      "tresorerie": 4617,
      "vendu": {
        "chambre-standard": 1694,
        "chambre-superieure": 1139,
        "suite": 176,
      },
    },
    {
      "resultat": 57924,
      "tresorerie": 42195,
      "vendu": {
        "chambre-standard": 2508,
        "chambre-superieure": 1114,
        "suite": 192,
      },
    },
    {
      "resultat": 8340,
      "tresorerie": 100407,
      "vendu": {
        "chambre-standard": 1974,
        "chambre-superieure": 967,
        "suite": 229,
      },
    },
    {
      "resultat": 41934,
      "tresorerie": 72725,
      "vendu": {
        "chambre-standard": 2322,
        "chambre-superieure": 1094,
        "suite": 258,
      },
    },
    {
      "resultat": 70835,
      "tresorerie": 113857,
      "vendu": {
        "chambre-standard": 2674,
        "chambre-superieure": 1526,
        "suite": 286,
      },
    },
    {
      "resultat": 57656,
      "tresorerie": 185634,
      "vendu": {
        "chambre-standard": 2253,
        "chambre-superieure": 1286,
        "suite": 241,
      },
    },
  ],
  "passive": [
    {
      "resultat": 17582,
      "tresorerie": 54144,
      "vendu": {
        "chambre-standard": 1442,
        "chambre-superieure": 1066,
        "suite": 164,
      },
    },
    {
      "resultat": 55018,
      "tresorerie": 99953,
      "vendu": {
        "chambre-standard": 1885,
        "chambre-superieure": 1086,
        "suite": 197,
      },
    },
    {
      "resultat": 25244,
      "tresorerie": 170200,
      "vendu": {
        "chambre-standard": 1879,
        "chambre-superieure": 766,
        "suite": 184,
      },
    },
    {
      "resultat": 26624,
      "tresorerie": 142327,
      "vendu": {
        "chambre-standard": 1589,
        "chambre-superieure": 1053,
        "suite": 191,
      },
    },
    {
      "resultat": 40356,
      "tresorerie": 162048,
      "vendu": {
        "chambre-standard": 1809,
        "chambre-superieure": 1036,
        "suite": 188,
      },
    },
    {
      "resultat": 30455,
      "tresorerie": 199882,
      "vendu": {
        "chambre-standard": 1649,
        "chambre-superieure": 938,
        "suite": 171,
      },
    },
  ],
  "premium": [
    {
      "resultat": -75608,
      "tresorerie": -23728,
      "vendu": {
        "chambre-standard": 830,
        "chambre-superieure": 744,
        "suite": 126,
      },
    },
    {
      "resultat": -14509,
      "tresorerie": -49478,
      "vendu": {
        "chambre-standard": 1067,
        "chambre-superieure": 582,
        "suite": 110,
      },
    },
    {
      "resultat": -60217,
      "tresorerie": -60000,
      "vendu": {
        "chambre-standard": 672,
        "chambre-superieure": 544,
        "suite": 115,
      },
    },
    {
      "resultat": -75028,
      "tresorerie": -140259,
      "vendu": {
        "chambre-standard": 632,
        "chambre-superieure": 492,
        "suite": 104,
      },
    },
    {
      "resultat": -42518,
      "tresorerie": -188967,
      "vendu": {
        "chambre-standard": 830,
        "chambre-superieure": 596,
        "suite": 126,
      },
    },
    {
      "resultat": 0,
      "tresorerie": -197880,
      "vendu": {
        "chambre-standard": 0,
        "chambre-superieure": 0,
        "suite": 0,
      },
    },
  ],
  "price_aggressive": [
    {
      "resultat": -14584,
      "tresorerie": 26461,
      "vendu": {
        "chambre-standard": 1953,
        "chambre-superieure": 1206,
        "suite": 186,
      },
    },
    {
      "resultat": 50849,
      "tresorerie": 63743,
      "vendu": {
        "chambre-standard": 2785,
        "chambre-superieure": 1085,
        "suite": 186,
      },
    },
    {
      "resultat": 3004,
      "tresorerie": 115028,
      "vendu": {
        "chambre-standard": 2016,
        "chambre-superieure": 949,
        "suite": 225,
      },
    },
    {
      "resultat": 15670,
      "tresorerie": 72453,
      "vendu": {
        "chambre-standard": 2183,
        "chambre-superieure": 988,
        "suite": 234,
      },
    },
    {
      "resultat": 52040,
      "tresorerie": 93916,
      "vendu": {
        "chambre-standard": 2726,
        "chambre-superieure": 1375,
        "suite": 274,
      },
    },
    {
      "resultat": 43055,
      "tresorerie": 147913,
      "vendu": {
        "chambre-standard": 2355,
        "chambre-superieure": 1188,
        "suite": 237,
      },
    },
  ],
}
`;
