// Vitest Snapshot v1, https://vitest.dev/guide/snapshot.html

exports[`MAILLE & CO — instantané doré > la partie de référence (équilibrée contre FastMode et Atelier Lin) est figée 1`] = `
[
  {
    "ca": 212171,
    "produits": {
      "bonnet": {
        "perdu": 309,
        "plan": 399,
        "prix": 26,
        "stock": 0,
        "vendu": 649,
      },
      "cardigan": {
        "perdu": 333,
        "plan": 553,
        "prix": 74,
        "stock": 0,
        "vendu": 703,
      },
      "echarpe": {
        "perdu": 352,
        "plan": 457,
        "prix": 36,
        "stock": 0,
        "vendu": 707,
      },
      "pull-col-rond": {
        "perdu": 554,
        "plan": 1022,
        "prix": 55,
        "stock": 0,
        "vendu": 1422,
      },
      "pull-merinos": {
        "perdu": 64,
        "plan": 234,
        "prix": 135,
        "stock": 0,
        "vendu": 294,
      },
    },
    "resultat": 6558,
    "tour": 1,
    "tresorerie": 72102,
  },
  {
    "ca": 215361,
    "produits": {
      "bonnet": {
        "perdu": 0,
        "plan": 1270,
        "prix": 26,
        "stock": 945,
        "vendu": 325,
      },
      "cardigan": {
        "perdu": 0,
        "plan": 918,
        "prix": 74,
        "stock": 35,
        "vendu": 883,
      },
      "echarpe": {
        "perdu": 0,
        "plan": 1383,
        "prix": 36,
        "stock": 923,
        "vendu": 461,
      },
      "pull-col-rond": {
        "perdu": 0,
        "plan": 1988,
        "prix": 55,
        "stock": 376,
        "vendu": 1612,
      },
      "pull-merinos": {
        "perdu": 0,
        "plan": 479,
        "prix": 135,
        "stock": 210,
        "vendu": 269,
      },
    },
    "resultat": 6537,
    "tour": 2,
    "tresorerie": 60111,
  },
  {
    "ca": 341839,
    "produits": {
      "bonnet": {
        "perdu": 12,
        "plan": 209,
        "prix": 26,
        "stock": 0,
        "vendu": 1154,
      },
      "cardigan": {
        "perdu": 350,
        "plan": 832,
        "prix": 74,
        "stock": 0,
        "vendu": 867,
      },
      "echarpe": {
        "perdu": 0,
        "plan": 507,
        "prix": 36,
        "stock": 29,
        "vendu": 1400,
      },
      "pull-col-rond": {
        "perdu": 0,
        "plan": 2351,
        "prix": 55,
        "stock": 432,
        "vendu": 2295,
      },
      "pull-merinos": {
        "perdu": 0,
        "plan": 376,
        "prix": 135,
        "stock": 59,
        "vendu": 526,
      },
    },
    "resultat": 57406,
    "tour": 3,
    "tresorerie": 118685,
  },
  {
    "ca": 253839,
    "produits": {
      "bonnet": {
        "perdu": 3040,
        "plan": 606,
        "prix": 26,
        "stock": 0,
        "vendu": 606,
      },
      "cardigan": {
        "perdu": 252,
        "plan": 911,
        "prix": 74,
        "stock": 0,
        "vendu": 911,
      },
      "echarpe": {
        "perdu": 3094,
        "plan": 720,
        "prix": 36,
        "stock": 0,
        "vendu": 750,
      },
      "pull-col-rond": {
        "perdu": 2066,
        "plan": 1390,
        "prix": 55,
        "stock": 0,
        "vendu": 1822,
      },
      "pull-merinos": {
        "perdu": 801,
        "plan": 263,
        "prix": 135,
        "stock": 0,
        "vendu": 322,
      },
    },
    "resultat": 16192,
    "tour": 4,
    "tresorerie": 156407,
  },
  {
    "ca": 184435,
    "produits": {
      "bonnet": {
        "perdu": 856,
        "plan": 318,
        "prix": 26,
        "stock": 0,
        "vendu": 318,
      },
      "cardigan": {
        "perdu": 421,
        "plan": 782,
        "prix": 74,
        "stock": 0,
        "vendu": 782,
      },
      "echarpe": {
        "perdu": 907,
        "plan": 394,
        "prix": 36,
        "stock": 0,
        "vendu": 394,
      },
      "pull-col-rond": {
        "perdu": 1022,
        "plan": 1339,
        "prix": 55,
        "stock": 0,
        "vendu": 1339,
      },
      "pull-merinos": {
        "perdu": 192,
        "plan": 226,
        "prix": 135,
        "stock": 0,
        "vendu": 226,
      },
    },
    "resultat": -28962,
    "tour": 5,
    "tresorerie": 150936,
  },
  {
    "ca": 193657,
    "produits": {
      "bonnet": {
        "perdu": 67,
        "plan": 334,
        "prix": 26,
        "stock": 0,
        "vendu": 334,
      },
      "cardigan": {
        "perdu": 199,
        "plan": 821,
        "prix": 74,
        "stock": 0,
        "vendu": 821,
      },
      "echarpe": {
        "perdu": 156,
        "plan": 413,
        "prix": 36,
        "stock": 0,
        "vendu": 413,
      },
      "pull-col-rond": {
        "perdu": 525,
        "plan": 1406,
        "prix": 55,
        "stock": 0,
        "vendu": 1406,
      },
      "pull-merinos": {
        "perdu": 73,
        "plan": 237,
        "prix": 135,
        "stock": 0,
        "vendu": 237,
      },
    },
    "resultat": -17329,
    "tour": 6,
    "tresorerie": 125970,
  },
]
`;
