// Vitest Snapshot v1, https://vitest.dev/guide/snapshot.html

exports[`MAILLE & CO — instantané doré > la partie de référence (équilibrée contre FastMode et Atelier Lin) est figée 1`] = `
[
  {
    "ca": 212171,
    "produits": {
      "bonnet": {
        "perdu": 296,
        "plan": 399,
        "prix": 26,
        "stock": 0,
        "vendu": 649,
      },
      "cardigan": {
        "perdu": 328,
        "plan": 553,
        "prix": 74,
        "stock": 0,
        "vendu": 703,
      },
      "echarpe": {
        "perdu": 335,
        "plan": 457,
        "prix": 36,
        "stock": 0,
        "vendu": 707,
      },
      "pull-col-rond": {
        "perdu": 530,
        "plan": 1022,
        "prix": 55,
        "stock": 0,
        "vendu": 1422,
      },
      "pull-merinos": {
        "perdu": 65,
        "plan": 234,
        "prix": 135,
        "stock": 0,
        "vendu": 294,
      },
    },
    "resultat": 6558,
    "tour": 1,
    "tresorerie": 71989,
  },
  {
    "ca": 213908,
    "produits": {
      "bonnet": {
        "perdu": 0,
        "plan": 1270,
        "prix": 26,
        "stock": 949,
        "vendu": 320,
      },
      "cardigan": {
        "perdu": 0,
        "plan": 918,
        "prix": 74,
        "stock": 39,
        "vendu": 879,
      },
      "echarpe": {
        "perdu": 0,
        "plan": 1383,
        "prix": 36,
        "stock": 931,
        "vendu": 453,
      },
      "pull-col-rond": {
        "perdu": 0,
        "plan": 1988,
        "prix": 55,
        "stock": 394,
        "vendu": 1593,
      },
      "pull-merinos": {
        "perdu": 0,
        "plan": 479,
        "prix": 135,
        "stock": 208,
        "vendu": 271,
      },
    },
    "resultat": 6000,
    "tour": 2,
    "tresorerie": 58755,
  },
  {
    "ca": 339605,
    "produits": {
      "bonnet": {
        "perdu": 0,
        "plan": 198,
        "prix": 26,
        "stock": 3,
        "vendu": 1144,
      },
      "cardigan": {
        "perdu": 347,
        "plan": 826,
        "prix": 74,
        "stock": 0,
        "vendu": 865,
      },
      "echarpe": {
        "perdu": 0,
        "plan": 486,
        "prix": 36,
        "stock": 45,
        "vendu": 1371,
      },
      "pull-col-rond": {
        "perdu": 0,
        "plan": 2312,
        "prix": 55,
        "stock": 441,
        "vendu": 2266,
      },
      "pull-merinos": {
        "perdu": 0,
        "plan": 380,
        "prix": 135,
        "stock": 56,
        "vendu": 532,
      },
    },
    "resultat": 56562,
    "tour": 3,
    "tresorerie": 115956,
  },
  {
    "ca": 252691,
    "produits": {
      "bonnet": {
        "perdu": 2972,
        "plan": 599,
        "prix": 26,
        "stock": 0,
        "vendu": 602,
      },
      "cardigan": {
        "perdu": 249,
        "plan": 909,
        "prix": 74,
        "stock": 0,
        "vendu": 909,
      },
      "echarpe": {
        "perdu": 3025,
        "plan": 697,
        "prix": 36,
        "stock": 0,
        "vendu": 742,
      },
      "pull-col-rond": {
        "perdu": 2036,
        "plan": 1366,
        "prix": 55,
        "stock": 0,
        "vendu": 1807,
      },
      "pull-merinos": {
        "perdu": 815,
        "plan": 268,
        "prix": 135,
        "stock": 0,
        "vendu": 324,
      },
    },
    "resultat": 15814,
    "tour": 4,
    "tresorerie": 153958,
  },
  {
    "ca": 183641,
    "produits": {
      "bonnet": {
        "perdu": 826,
        "plan": 316,
        "prix": 26,
        "stock": 0,
        "vendu": 316,
      },
      "cardigan": {
        "perdu": 417,
        "plan": 781,
        "prix": 74,
        "stock": 0,
        "vendu": 781,
      },
      "echarpe": {
        "perdu": 874,
        "plan": 390,
        "prix": 36,
        "stock": 0,
        "vendu": 390,
      },
      "pull-col-rond": {
        "perdu": 999,
        "plan": 1328,
        "prix": 55,
        "stock": 0,
        "vendu": 1328,
      },
      "pull-merinos": {
        "perdu": 197,
        "plan": 227,
        "prix": 135,
        "stock": 0,
        "vendu": 227,
      },
    },
    "resultat": -29253,
    "tour": 5,
    "tresorerie": 148533,
  },
  {
    "ca": 192823,
    "produits": {
      "bonnet": {
        "perdu": 62,
        "plan": 332,
        "prix": 26,
        "stock": 0,
        "vendu": 332,
      },
      "cardigan": {
        "perdu": 196,
        "plan": 820,
        "prix": 74,
        "stock": 0,
        "vendu": 820,
      },
      "echarpe": {
        "perdu": 147,
        "plan": 409,
        "prix": 36,
        "stock": 0,
        "vendu": 409,
      },
      "pull-col-rond": {
        "perdu": 512,
        "plan": 1394,
        "prix": 55,
        "stock": 0,
        "vendu": 1394,
      },
      "pull-merinos": {
        "perdu": 76,
        "plan": 238,
        "prix": 135,
        "stock": 0,
        "vendu": 238,
      },
    },
    "resultat": -17670,
    "tour": 6,
    "tresorerie": 123188,
  },
]
`;
