// Vitest Snapshot v1, https://vitest.dev/guide/snapshot.html

exports[`MAILLE & CO — instantané doré > la partie de référence (équilibrée contre FastMode et Atelier Lin) est figée 1`] = `
[
  {
    "ca": 212171,
    "produits": {
      "bonnet": {
        "perdu": 309,
        "plan": 399,
        "prix": 26,
        "stock": 0,
        "vendu": 649,
      },
      "cardigan": {
        "perdu": 333,
        "plan": 553,
        "prix": 74,
        "stock": 0,
        "vendu": 703,
      },
      "echarpe": {
        "perdu": 352,
        "plan": 457,
        "prix": 36,
        "stock": 0,
        "vendu": 707,
      },
      "pull-col-rond": {
        "perdu": 554,
        "plan": 1022,
        "prix": 55,
        "stock": 0,
        "vendu": 1422,
      },
      "pull-merinos": {
        "perdu": 64,
        "plan": 234,
        "prix": 135,
        "stock": 0,
        "vendu": 294,
      },
    },
    "resultat": 6558,
    "tour": 1,
    "tresorerie": 72102,
  },
  {
    "ca": 215155,
    "produits": {
      "bonnet": {
        "perdu": 0,
        "plan": 1270,
        "prix": 26,
        "stock": 945,
        "vendu": 325,
      },
      "cardigan": {
        "perdu": 0,
        "plan": 918,
        "prix": 74,
        "stock": 35,
        "vendu": 883,
      },
      "echarpe": {
        "perdu": 0,
        "plan": 1383,
        "prix": 36,
        "stock": 922,
        "vendu": 461,
      },
      "pull-col-rond": {
        "perdu": 0,
        "plan": 1988,
        "prix": 55,
        "stock": 382,
        "vendu": 1606,
      },
      "pull-merinos": {
        "perdu": 0,
        "plan": 479,
        "prix": 135,
        "stock": 209,
        "vendu": 270,
      },
    },
    "resultat": 6469,
    "tour": 2,
    "tresorerie": 59933,
  },
  {
    "ca": 341735,
    "produits": {
      "bonnet": {
        "perdu": 11,
        "plan": 210,
        "prix": 26,
        "stock": 0,
        "vendu": 1155,
      },
      "cardigan": {
        "perdu": 352,
        "plan": 832,
        "prix": 74,
        "stock": 0,
        "vendu": 867,
      },
      "echarpe": {
        "perdu": 0,
        "plan": 507,
        "prix": 36,
        "stock": 30,
        "vendu": 1399,
      },
      "pull-col-rond": {
        "perdu": 0,
        "plan": 2338,
        "prix": 55,
        "stock": 437,
        "vendu": 2283,
      },
      "pull-merinos": {
        "perdu": 0,
        "plan": 377,
        "prix": 135,
        "stock": 56,
        "vendu": 530,
      },
    },
    "resultat": 57396,
    "tour": 3,
    "tresorerie": 118435,
  },
  {
    "ca": 253649,
    "produits": {
      "bonnet": {
        "perdu": 3050,
        "plan": 606,
        "prix": 26,
        "stock": 0,
        "vendu": 606,
      },
      "cardigan": {
        "perdu": 253,
        "plan": 910,
        "prix": 74,
        "stock": 0,
        "vendu": 910,
      },
      "echarpe": {
        "perdu": 3092,
        "plan": 719,
        "prix": 36,
        "stock": 0,
        "vendu": 750,
      },
      "pull-col-rond": {
        "perdu": 2037,
        "plan": 1379,
        "prix": 55,
        "stock": 0,
        "vendu": 1817,
      },
      "pull-merinos": {
        "perdu": 813,
        "plan": 267,
        "prix": 135,
        "stock": 0,
        "vendu": 323,
      },
    },
    "resultat": 16133,
    "tour": 4,
    "tresorerie": 156260,
  },
  {
    "ca": 184288,
    "produits": {
      "bonnet": {
        "perdu": 857,
        "plan": 318,
        "prix": 26,
        "stock": 0,
        "vendu": 318,
      },
      "cardigan": {
        "perdu": 423,
        "plan": 782,
        "prix": 74,
        "stock": 0,
        "vendu": 782,
      },
      "echarpe": {
        "perdu": 906,
        "plan": 394,
        "prix": 36,
        "stock": 0,
        "vendu": 394,
      },
      "pull-col-rond": {
        "perdu": 1004,
        "plan": 1335,
        "prix": 55,
        "stock": 0,
        "vendu": 1335,
      },
      "pull-merinos": {
        "perdu": 198,
        "plan": 226,
        "prix": 135,
        "stock": 0,
        "vendu": 226,
      },
    },
    "resultat": -29008,
    "tour": 5,
    "tresorerie": 150724,
  },
  {
    "ca": 193502,
    "produits": {
      "bonnet": {
        "perdu": 69,
        "plan": 334,
        "prix": 26,
        "stock": 0,
        "vendu": 334,
      },
      "cardigan": {
        "perdu": 199,
        "plan": 821,
        "prix": 74,
        "stock": 0,
        "vendu": 821,
      },
      "echarpe": {
        "perdu": 157,
        "plan": 413,
        "prix": 36,
        "stock": 0,
        "vendu": 413,
      },
      "pull-col-rond": {
        "perdu": 509,
        "plan": 1402,
        "prix": 55,
        "stock": 0,
        "vendu": 1402,
      },
      "pull-merinos": {
        "perdu": 76,
        "plan": 237,
        "prix": 135,
        "stock": 0,
        "vendu": 237,
      },
    },
    "resultat": -17385,
    "tour": 6,
    "tresorerie": 125716,
  },
]
`;
