// Vitest Snapshot v1, https://vitest.dev/guide/snapshot.html

exports[`NOVA — instantané doré (doc 09 §3) > trajectoires de référence figées (tout écart = décision d'équilibrage assumée) 1`] = `
{
  "balanced": [
    {
      "bfr": -27120,
      "netIncome": -4099,
      "netTreasury": 49021,
      "revenue": 297532,
      "sold": 5043,
    },
    {
      "bfr": -29974,
      "netIncome": 5324,
      "netTreasury": 58200,
      "revenue": 328851,
      "sold": 5574,
    },
    {
      "bfr": 9640,
      "netIncome": 27825,
      "netTreasury": 47410,
      "revenue": 413000,
      "sold": 7000,
    },
    {
      "bfr": 84805,
      "netIncome": 10223,
      "netTreasury": -16533,
      "revenue": 346920,
      "sold": 5880,
    },
    {
      "bfr": 96574,
      "netIncome": 2685,
      "netTreasury": -24616,
      "revenue": 404740,
      "sold": 6860,
    },
    {
      "bfr": 83795,
      "netIncome": 8489,
      "netTreasury": -2348,
      "revenue": 371700,
      "sold": 6300,
    },
  ],
  "growth": [
    {
      "bfr": -32285,
      "netIncome": -9637,
      "netTreasury": 48648,
      "revenue": 336495,
      "sold": 6003,
    },
    {
      "bfr": -37644,
      "netIncome": 6300,
      "netTreasury": 61307,
      "revenue": 392350,
      "sold": 7000,
    },
    {
      "bfr": 4453,
      "netIncome": 6338,
      "netTreasury": 26547,
      "revenue": 392350,
      "sold": 7000,
    },
    {
      "bfr": 67342,
      "netIncome": 5600,
      "netTreasury": -29742,
      "revenue": 392350,
      "sold": 7000,
    },
    {
      "bfr": 43370,
      "netIncome": -25231,
      "netTreasury": -30000,
      "revenue": 392350,
      "sold": 7000,
    },
    {
      "bfr": 26730,
      "netIncome": -17640,
      "netTreasury": -30000,
      "revenue": 353115,
      "sold": 6300,
    },
  ],
  "passive": [
    {
      "bfr": -22587,
      "netIncome": -10800,
      "netTreasury": 37787,
      "revenue": 247800,
      "sold": 4200,
    },
    {
      "bfr": -22304,
      "netIncome": -11853,
      "netTreasury": 26652,
      "revenue": 244702,
      "sold": 4147,
    },
    {
      "bfr": 7361,
      "netIncome": -12905,
      "netTreasury": -14918,
      "revenue": 241605,
      "sold": 4095,
    },
    {
      "bfr": 6261,
      "netIncome": -17182,
      "netTreasury": -30000,
      "revenue": 238507,
      "sold": 4042,
    },
    {
      "bfr": -25749,
      "netIncome": -37736,
      "netTreasury": -34726,
      "revenue": 235410,
      "sold": 3990,
    },
    {
      "bfr": -22869,
      "netIncome": -27247,
      "netTreasury": -63853,
      "revenue": 232312,
      "sold": 3937,
    },
  ],
  "premium": [
    {
      "bfr": 41148,
      "netIncome": 1243,
      "netTreasury": -13905,
      "revenue": 233187,
      "sold": 3040,
    },
    {
      "bfr": 16954,
      "netIncome": 8715,
      "netTreasury": 20004,
      "revenue": 253660,
      "sold": 3307,
    },
    {
      "bfr": 42442,
      "netIncome": 37818,
      "netTreasury": 33335,
      "revenue": 329641,
      "sold": 4298,
    },
    {
      "bfr": 88435,
      "netIncome": 20948,
      "netTreasury": 9290,
      "revenue": 284961,
      "sold": 3715,
    },
    {
      "bfr": 94853,
      "netIncome": 19345,
      "netTreasury": 23217,
      "revenue": 316623,
      "sold": 4128,
    },
    {
      "bfr": 89907,
      "netIncome": 27781,
      "netTreasury": 56943,
      "revenue": 316623,
      "sold": 4128,
    },
  ],
  "price_aggressive": [
    {
      "bfr": -29703,
      "netIncome": -33117,
      "netTreasury": 22585,
      "revenue": 286764,
      "sold": 5523,
    },
    {
      "bfr": -35956,
      "netIncome": -16881,
      "netTreasury": 12957,
      "revenue": 347136,
      "sold": 6686,
    },
    {
      "bfr": -4803,
      "netIncome": -12805,
      "netTreasury": -30000,
      "revenue": 363440,
      "sold": 7000,
    },
    {
      "bfr": -30107,
      "netIncome": -26304,
      "netTreasury": -30000,
      "revenue": 334365,
      "sold": 6440,
    },
    {
      "bfr": -45173,
      "netIncome": -50172,
      "netTreasury": -64105,
      "revenue": 363440,
      "sold": 7000,
    },
    {
      "bfr": -36590,
      "netIncome": -39099,
      "netTreasury": -110788,
      "revenue": 327096,
      "sold": 6300,
    },
  ],
}
`;
