// Vitest Snapshot v1, https://vitest.dev/guide/snapshot.html

exports[`NOVA — instantané doré (doc 09 §3) > trajectoires de référence figées (tout écart = décision d'équilibrage assumée) 1`] = `
{
  "balanced": [
    {
      "bfr": -27120,
      "netIncome": -7020,
      "netTreasury": 46100,
      "revenue": 295297,
      "sold": 5005,
    },
    {
      "bfr": -29749,
      "netIncome": 3081,
      "netTreasury": 52811,
      "revenue": 323928,
      "sold": 5490,
    },
    {
      "bfr": 8737,
      "netIncome": 19622,
      "netTreasury": 34946,
      "revenue": 385793,
      "sold": 6539,
    },
    {
      "bfr": 76360,
      "netIncome": 1703,
      "netTreasury": -29974,
      "revenue": 321631,
      "sold": 5451,
    },
    {
      "bfr": 67711,
      "netIncome": -9675,
      "netTreasury": -30000,
      "revenue": 372417,
      "sold": 6312,
    },
    {
      "bfr": 76245,
      "netIncome": 7534,
      "netTreasury": -30000,
      "revenue": 368750,
      "sold": 6250,
    },
  ],
  "growth": [
    {
      "bfr": -32285,
      "netIncome": -12851,
      "netTreasury": 45434,
      "revenue": 333966,
      "sold": 5958,
    },
    {
      "bfr": -37644,
      "netIncome": 4600,
      "netTreasury": 56393,
      "revenue": 389236,
      "sold": 6944,
    },
    {
      "bfr": 5247,
      "netIncome": 4650,
      "netTreasury": 19151,
      "revenue": 389236,
      "sold": 6944,
    },
    {
      "bfr": 57548,
      "netIncome": 2186,
      "netTreasury": -29963,
      "revenue": 386172,
      "sold": 6890,
    },
    {
      "bfr": 28740,
      "netIncome": -29845,
      "netTreasury": -30000,
      "revenue": 389236,
      "sold": 6944,
    },
    {
      "bfr": 7555,
      "netIncome": -22184,
      "netTreasury": -30000,
      "revenue": 350312,
      "sold": 6250,
    },
  ],
  "passive": [
    {
      "bfr": -22587,
      "netIncome": -13248,
      "netTreasury": 35338,
      "revenue": 245694,
      "sold": 4164,
    },
    {
      "bfr": -22304,
      "netIncome": -14275,
      "netTreasury": 21781,
      "revenue": 242623,
      "sold": 4112,
    },
    {
      "bfr": 7110,
      "netIncome": -15301,
      "netTreasury": -21934,
      "revenue": 239552,
      "sold": 4060,
    },
    {
      "bfr": -4066,
      "netIncome": -20242,
      "netTreasury": -30000,
      "revenue": 236481,
      "sold": 4008,
    },
    {
      "bfr": -25749,
      "netIncome": -40043,
      "netTreasury": -47360,
      "revenue": 233410,
      "sold": 3956,
    },
    {
      "bfr": -22869,
      "netIncome": -29516,
      "netTreasury": -78756,
      "revenue": 230339,
      "sold": 3904,
    },
  ],
  "premium": [
    {
      "bfr": 39889,
      "netIncome": -288,
      "netTreasury": -14176,
      "revenue": 233187,
      "sold": 3040,
    },
    {
      "bfr": 15623,
      "netIncome": 7808,
      "netTreasury": 18897,
      "revenue": 253660,
      "sold": 3307,
    },
    {
      "bfr": 36655,
      "netIncome": 36473,
      "netTreasury": 35337,
      "revenue": 329507,
      "sold": 4296,
    },
    {
      "bfr": 84943,
      "netIncome": 16679,
      "netTreasury": 4729,
      "revenue": 276724,
      "sold": 3608,
    },
    {
      "bfr": 91294,
      "netIncome": 14170,
      "netTreasury": 13548,
      "revenue": 305349,
      "sold": 3981,
    },
    {
      "bfr": 79681,
      "netIncome": 21614,
      "netTreasury": 47774,
      "revenue": 303242,
      "sold": 3954,
    },
  ],
  "price_aggressive": [
    {
      "bfr": -29703,
      "netIncome": -36097,
      "netTreasury": 19606,
      "revenue": 284470,
      "sold": 5479,
    },
    {
      "bfr": -35358,
      "netIncome": -21845,
      "netTreasury": 4416,
      "revenue": 338633,
      "sold": 6522,
    },
    {
      "bfr": -17138,
      "netIncome": -17195,
      "netTreasury": -30000,
      "revenue": 360387,
      "sold": 6941,
    },
    {
      "bfr": -34342,
      "netIncome": -30648,
      "netTreasury": -42443,
      "revenue": 328904,
      "sold": 6335,
    },
    {
      "bfr": -45173,
      "netIncome": -54365,
      "netTreasury": -84977,
      "revenue": 360387,
      "sold": 6941,
    },
    {
      "bfr": 0,
      "netIncome": 0,
      "netTreasury": -130150,
      "revenue": 0,
      "sold": 0,
    },
  ],
}
`;
