// Vitest Snapshot v1, https://vitest.dev/guide/snapshot.html

exports[`NOVA — instantané doré (doc 09 §3) > trajectoires de référence figées (tout écart = décision d'équilibrage assumée) 1`] = `
{
  "balanced": [
    {
      "bfr": -27120,
      "netIncome": -4784,
      "netTreasury": 48335,
      "revenue": 297532,
      "sold": 5043,
    },
    {
      "bfr": -29974,
      "netIncome": 4810,
      "netTreasury": 57000,
      "revenue": 328851,
      "sold": 5574,
    },
    {
      "bfr": 9640,
      "netIncome": 27311,
      "netTreasury": 45696,
      "revenue": 413000,
      "sold": 7000,
    },
    {
      "bfr": 84805,
      "netIncome": 9708,
      "netTreasury": -18761,
      "revenue": 346920,
      "sold": 5880,
    },
    {
      "bfr": 96574,
      "netIncome": 2121,
      "netTreasury": -27409,
      "revenue": 404740,
      "sold": 6860,
    },
    {
      "bfr": 83795,
      "netIncome": 7937,
      "netTreasury": -5693,
      "revenue": 371700,
      "sold": 6300,
    },
  ],
  "growth": [
    {
      "bfr": -32285,
      "netIncome": -10323,
      "netTreasury": 47962,
      "revenue": 336495,
      "sold": 6003,
    },
    {
      "bfr": -37644,
      "netIncome": 5786,
      "netTreasury": 60107,
      "revenue": 392350,
      "sold": 7000,
    },
    {
      "bfr": 4453,
      "netIncome": 5823,
      "netTreasury": 24833,
      "revenue": 392350,
      "sold": 7000,
    },
    {
      "bfr": 64997,
      "netIncome": 4998,
      "netTreasury": -29712,
      "revenue": 392350,
      "sold": 7000,
    },
    {
      "bfr": 40211,
      "netIncome": -26074,
      "netTreasury": -30000,
      "revenue": 392350,
      "sold": 7000,
    },
    {
      "bfr": 22682,
      "netIncome": -18528,
      "netTreasury": -30000,
      "revenue": 353115,
      "sold": 6300,
    },
  ],
  "passive": [
    {
      "bfr": -22587,
      "netIncome": -11143,
      "netTreasury": 37444,
      "revenue": 247800,
      "sold": 4200,
    },
    {
      "bfr": -22304,
      "netIncome": -12195,
      "netTreasury": 25966,
      "revenue": 244702,
      "sold": 4147,
    },
    {
      "bfr": 7361,
      "netIncome": -13248,
      "netTreasury": -15947,
      "revenue": 241605,
      "sold": 4095,
    },
    {
      "bfr": 4785,
      "netIncome": -17629,
      "netTreasury": -30000,
      "revenue": 238507,
      "sold": 4042,
    },
    {
      "bfr": -25749,
      "netIncome": -38079,
      "netTreasury": -36545,
      "revenue": 235410,
      "sold": 3990,
    },
    {
      "bfr": -22869,
      "netIncome": -27623,
      "netTreasury": -66048,
      "revenue": 232312,
      "sold": 3937,
    },
  ],
  "premium": [
    {
      "bfr": 41148,
      "netIncome": 729,
      "netTreasury": -14419,
      "revenue": 233187,
      "sold": 3040,
    },
    {
      "bfr": 16954,
      "netIncome": 8189,
      "netTreasury": 18964,
      "revenue": 253660,
      "sold": 3307,
    },
    {
      "bfr": 42442,
      "netIncome": 37304,
      "netTreasury": 31781,
      "revenue": 329641,
      "sold": 4298,
    },
    {
      "bfr": 88435,
      "netIncome": 20434,
      "netTreasury": 7221,
      "revenue": 284961,
      "sold": 3715,
    },
    {
      "bfr": 94853,
      "netIncome": 18830,
      "netTreasury": 20634,
      "revenue": 316623,
      "sold": 4128,
    },
    {
      "bfr": 89907,
      "netIncome": 27267,
      "netTreasury": 53846,
      "revenue": 316623,
      "sold": 4128,
    },
  ],
  "price_aggressive": [
    {
      "bfr": -29703,
      "netIncome": -33803,
      "netTreasury": 21900,
      "revenue": 286764,
      "sold": 5523,
    },
    {
      "bfr": -35956,
      "netIncome": -17567,
      "netTreasury": 11586,
      "revenue": 347136,
      "sold": 6686,
    },
    {
      "bfr": -6969,
      "netIncome": -13599,
      "netTreasury": -30000,
      "revenue": 363440,
      "sold": 7000,
    },
    {
      "bfr": -33108,
      "netIncome": -27140,
      "netTreasury": -30000,
      "revenue": 334365,
      "sold": 6440,
    },
    {
      "bfr": -45173,
      "netIncome": -50857,
      "netTreasury": -67792,
      "revenue": 363440,
      "sold": 7000,
    },
    {
      "bfr": -36590,
      "netIncome": -39851,
      "netTreasury": -115227,
      "revenue": 327096,
      "sold": 6300,
    },
  ],
}
`;
