// Vitest Snapshot v1, https://vitest.dev/guide/snapshot.html

exports[`NOVA · gamme — instantané doré > la partie de référence (équilibrée contre SoundBox et Auris) est figée 1`] = `
[
  {
    "bfr": -18083,
    "ca": 274399,
    "produits": {
      "nova-go": {
        "perdu": 395,
        "plan": 677,
        "prix": 34,
        "stock": 0,
        "vendu": 677,
      },
      "nova-one": {
        "perdu": 905,
        "plan": 4261,
        "prix": 59,
        "stock": 0,
        "vendu": 4261,
      },
      "nova-studio": {
        "perdu": 0,
        "plan": 0,
        "prix": 129,
        "stock": 0,
        "vendu": 0,
      },
    },
    "resultat": -38056,
    "tour": 1,
    "tresorerie": 6027,
  },
  {
    "bfr": -13387,
    "ca": 393084,
    "produits": {
      "nova-go": {
        "perdu": 316,
        "plan": 790,
        "prix": 34,
        "stock": 0,
        "vendu": 790,
      },
      "nova-one": {
        "perdu": 1015,
        "plan": 4709,
        "prix": 59,
        "stock": 0,
        "vendu": 4709,
      },
      "nova-studio": {
        "perdu": 2246,
        "plan": 685,
        "prix": 129,
        "stock": 0,
        "vendu": 685,
      },
    },
    "resultat": 37530,
    "tour": 2,
    "tresorerie": 39862,
  },
  {
    "bfr": 22294,
    "ca": 436195,
    "produits": {
      "nova-go": {
        "perdu": 599,
        "plan": 861,
        "prix": 34,
        "stock": 0,
        "vendu": 861,
      },
      "nova-one": {
        "perdu": 2023,
        "plan": 5328,
        "prix": 59,
        "stock": 0,
        "vendu": 5328,
      },
      "nova-studio": {
        "perdu": 2716,
        "plan": 718,
        "prix": 129,
        "stock": 0,
        "vendu": 718,
      },
    },
    "resultat": 40299,
    "tour": 3,
    "tresorerie": 45479,
  },
  {
    "bfr": 64698,
    "ca": 315198,
    "produits": {
      "nova-go": {
        "perdu": 2217,
        "plan": 626,
        "prix": 34,
        "stock": 0,
        "vendu": 626,
      },
      "nova-one": {
        "perdu": 11114,
        "plan": 3729,
        "prix": 59,
        "stock": 0,
        "vendu": 3729,
      },
      "nova-studio": {
        "perdu": 3595,
        "plan": 573,
        "prix": 129,
        "stock": 0,
        "vendu": 573,
      },
    },
    "resultat": 5971,
    "tour": 4,
    "tresorerie": 10046,
  },
  {
    "bfr": 74673,
    "ca": 367278,
    "produits": {
      "nova-go": {
        "perdu": 618,
        "plan": 730,
        "prix": 34,
        "stock": 0,
        "vendu": 730,
      },
      "nova-one": {
        "perdu": 6320,
        "plan": 4351,
        "prix": 59,
        "stock": 0,
        "vendu": 4351,
      },
      "nova-studio": {
        "perdu": 3035,
        "plan": 665,
        "prix": 129,
        "stock": 0,
        "vendu": 665,
      },
    },
    "resultat": 801,
    "tour": 5,
    "tresorerie": 1872,
  },
  {
    "bfr": 70516,
    "ca": 385642,
    "produits": {
      "nova-go": {
        "perdu": 2675,
        "plan": 766,
        "prix": 34,
        "stock": 0,
        "vendu": 766,
      },
      "nova-one": {
        "perdu": 16900,
        "plan": 4569,
        "prix": 59,
        "stock": 0,
        "vendu": 4569,
      },
      "nova-studio": {
        "perdu": 3502,
        "plan": 698,
        "prix": 129,
        "stock": 0,
        "vendu": 698,
      },
    },
    "resultat": 18110,
    "tour": 6,
    "tresorerie": 25138,
  },
]
`;
